2026-02-24 13:02:52,007 [INFO] 日志文件: /root/MEME/result/ablation/ablation_v4_20260224_130252.log
2026-02-24 13:02:52,007 [INFO] 消融实验开始 (V4 数据)
2026-02-24 13:02:52,007 [INFO] 计划运行 10 个实验: baseline, grad_clip, rdrop_sigmoid, rdrop_softmax, label_smoothing, augmentation, cosine_warmup, clf_dropout, grad_clip_rdrop, best_v3_combo
2026-02-24 13:02:53,016 [INFO] GPU: NVIDIA GeForce RTX 5090
2026-02-24 13:02:53,016 [INFO] 
进度: [1/10]
2026-02-24 13:02:54,173 [INFO] 
======================================================================
2026-02-24 13:02:54,174 [INFO] 实验: baseline
2026-02-24 13:02:54,174 [INFO] 描述: V4 数据无正则化基准 (应复现 ~80.67%)
2026-02-24 13:02:54,174 [INFO] 覆盖参数: {"num_epochs": 10}
2026-02-24 13:02:54,174 [INFO] ======================================================================
2026-02-24 13:02:54,174 [INFO] 关键配置:
2026-02-24 13:02:54,174 [INFO]   num_epochs=10
2026-02-24 13:02:54,174 [INFO]   patience=999
2026-02-24 13:02:54,174 [INFO]   pad_size=128
2026-02-24 13:02:54,174 [INFO]   rdrop_alpha=0
2026-02-24 13:02:54,174 [INFO]   rdrop_use_sigmoid=False
2026-02-24 13:02:54,174 [INFO]   label_smoothing=0
2026-02-24 13:02:54,174 [INFO]   use_augmentation=False
2026-02-24 13:02:54,174 [INFO]   use_scheduler=False
2026-02-24 13:02:54,174 [INFO]   classifier_dropout=0
2026-02-24 13:02:54,174 [INFO]   use_grad_clip=False
2026-02-24 13:02:54,174 [INFO]   weight_decay=0.01
2026-02-24 13:02:54,315 [INFO] 训练集: 9600 样本, 测试集: 2400 样本
2026-02-24 13:39:56,142 [INFO] 
实验 [baseline] 完成!
2026-02-24 13:39:56,143 [INFO]   最优 F1: 80.40%
2026-02-24 13:39:56,143 [INFO]   最优 Epoch: 3
2026-02-24 13:39:56,143 [INFO]   耗时: 37.0 分钟
2026-02-24 13:39:56,160 [INFO] 结果已保存到: /root/MEME/result/ablation/ablation_v4_results.json
2026-02-24 13:39:56,160 [INFO] 
进度: [2/10]
2026-02-24 13:39:56,160 [INFO] 
======================================================================
2026-02-24 13:39:56,161 [INFO] 实验: grad_clip
2026-02-24 13:39:56,161 [INFO] 描述: 梯度裁剪 (max_norm=1.0)
2026-02-24 13:39:56,161 [INFO] 覆盖参数: {"use_grad_clip": true, "num_epochs": 10}
2026-02-24 13:39:56,161 [INFO] ======================================================================
2026-02-24 13:39:56,161 [INFO] 关键配置:
2026-02-24 13:39:56,161 [INFO]   num_epochs=10
2026-02-24 13:39:56,161 [INFO]   patience=999
2026-02-24 13:39:56,161 [INFO]   pad_size=128
2026-02-24 13:39:56,161 [INFO]   rdrop_alpha=0
2026-02-24 13:39:56,161 [INFO]   rdrop_use_sigmoid=False
2026-02-24 13:39:56,161 [INFO]   label_smoothing=0
2026-02-24 13:39:56,161 [INFO]   use_augmentation=False
2026-02-24 13:39:56,161 [INFO]   use_scheduler=False
2026-02-24 13:39:56,161 [INFO]   classifier_dropout=0
2026-02-24 13:39:56,161 [INFO]   use_grad_clip=True
2026-02-24 13:39:56,161 [INFO]   weight_decay=0.01
2026-02-24 13:39:56,398 [INFO] 训练集: 9600 样本, 测试集: 2400 样本
2026-02-24 14:16:53,749 [INFO] 
实验 [grad_clip] 完成!
2026-02-24 14:16:53,750 [INFO]   最优 F1: 80.44%
2026-02-24 14:16:53,750 [INFO]   最优 Epoch: 6
2026-02-24 14:16:53,750 [INFO]   耗时: 37.0 分钟
2026-02-24 14:16:53,944 [INFO] 结果已保存到: /root/MEME/result/ablation/ablation_v4_results.json
2026-02-24 14:16:53,944 [INFO] 
进度: [3/10]
2026-02-24 14:16:53,944 [INFO] 
======================================================================
2026-02-24 14:16:53,944 [INFO] 实验: rdrop_sigmoid
2026-02-24 14:16:53,944 [INFO] 描述: R-Drop (α=0.5, sigmoid KL, 修复版)
2026-02-24 14:16:53,944 [INFO] 覆盖参数: {"rdrop_alpha": 0.5, "rdrop_use_sigmoid": true, "num_epochs": 20, "patience": 5}
2026-02-24 14:16:53,944 [INFO] ======================================================================
2026-02-24 14:16:53,945 [INFO] 关键配置:
2026-02-24 14:16:53,945 [INFO]   num_epochs=20
2026-02-24 14:16:53,945 [INFO]   patience=5
2026-02-24 14:16:53,945 [INFO]   pad_size=128
2026-02-24 14:16:53,945 [INFO]   rdrop_alpha=0.5
2026-02-24 14:16:53,945 [INFO]   rdrop_use_sigmoid=True
2026-02-24 14:16:53,945 [INFO]   label_smoothing=0
2026-02-24 14:16:53,945 [INFO]   use_augmentation=False
2026-02-24 14:16:53,945 [INFO]   use_scheduler=False
2026-02-24 14:16:53,945 [INFO]   classifier_dropout=0
2026-02-24 14:16:53,945 [INFO]   use_grad_clip=False
2026-02-24 14:16:53,945 [INFO]   weight_decay=0.01
2026-02-24 14:16:54,267 [INFO] 训练集: 9600 样本, 测试集: 2400 样本
2026-02-24 15:22:33,166 [INFO] 
实验 [rdrop_sigmoid] 完成!
2026-02-24 15:22:33,167 [INFO]   最优 F1: 80.40%
2026-02-24 15:22:33,167 [INFO]   最优 Epoch: 7
2026-02-24 15:22:33,167 [INFO]   耗时: 65.6 分钟
2026-02-24 15:22:33,195 [INFO] 结果已保存到: /root/MEME/result/ablation/ablation_v4_results.json
2026-02-24 15:22:33,195 [INFO] 
进度: [4/10]
2026-02-24 15:22:33,195 [INFO] 
======================================================================
2026-02-24 15:22:33,195 [INFO] 实验: rdrop_softmax
2026-02-24 15:22:33,195 [INFO] 描述: R-Drop (α=0.5, softmax KL, 原版)
2026-02-24 15:22:33,195 [INFO] 覆盖参数: {"rdrop_alpha": 0.5, "rdrop_use_sigmoid": false, "num_epochs": 20, "patience": 5}
2026-02-24 15:22:33,195 [INFO] ======================================================================
2026-02-24 15:22:33,195 [INFO] 关键配置:
2026-02-24 15:22:33,195 [INFO]   num_epochs=20
2026-02-24 15:22:33,195 [INFO]   patience=5
2026-02-24 15:22:33,195 [INFO]   pad_size=128
2026-02-24 15:22:33,195 [INFO]   rdrop_alpha=0.5
2026-02-24 15:22:33,195 [INFO]   rdrop_use_sigmoid=False
2026-02-24 15:22:33,195 [INFO]   label_smoothing=0
2026-02-24 15:22:33,195 [INFO]   use_augmentation=False
2026-02-24 15:22:33,195 [INFO]   use_scheduler=False
2026-02-24 15:22:33,195 [INFO]   classifier_dropout=0
2026-02-24 15:22:33,195 [INFO]   use_grad_clip=False
2026-02-24 15:22:33,195 [INFO]   weight_decay=0.01
2026-02-24 15:22:33,327 [INFO] 训练集: 9600 样本, 测试集: 2400 样本
2026-02-24 16:18:22,112 [INFO] 
实验 [rdrop_softmax] 完成!
2026-02-24 16:18:22,112 [INFO]   最优 F1: 80.56%
2026-02-24 16:18:22,112 [INFO]   最优 Epoch: 5
2026-02-24 16:18:22,112 [INFO]   耗时: 55.8 分钟
2026-02-24 16:18:22,139 [INFO] 结果已保存到: /root/MEME/result/ablation/ablation_v4_results.json
2026-02-24 16:18:22,139 [INFO] 
进度: [5/10]
2026-02-24 16:18:22,139 [INFO] 
======================================================================
2026-02-24 16:18:22,139 [INFO] 实验: label_smoothing
2026-02-24 16:18:22,139 [INFO] 描述: Label Smoothing (ε=0.1)
2026-02-24 16:18:22,139 [INFO] 覆盖参数: {"label_smoothing": 0.1, "num_epochs": 20, "patience": 5}
2026-02-24 16:18:22,139 [INFO] ======================================================================
2026-02-24 16:18:22,139 [INFO] 关键配置:
2026-02-24 16:18:22,139 [INFO]   num_epochs=20
2026-02-24 16:18:22,139 [INFO]   patience=5
2026-02-24 16:18:22,139 [INFO]   pad_size=128
2026-02-24 16:18:22,139 [INFO]   rdrop_alpha=0
2026-02-24 16:18:22,139 [INFO]   rdrop_use_sigmoid=False
2026-02-24 16:18:22,139 [INFO]   label_smoothing=0.1
2026-02-24 16:18:22,139 [INFO]   use_augmentation=False
2026-02-24 16:18:22,139 [INFO]   use_scheduler=False
2026-02-24 16:18:22,139 [INFO]   classifier_dropout=0
2026-02-24 16:18:22,139 [INFO]   use_grad_clip=False
2026-02-24 16:18:22,139 [INFO]   weight_decay=0.01
2026-02-24 16:18:22,286 [INFO] 训练集: 9600 样本, 测试集: 2400 样本
2026-02-24 16:47:28,458 [INFO] 
实验 [label_smoothing] 完成!
2026-02-24 16:47:28,458 [INFO]   最优 F1: 81.16%
2026-02-24 16:47:28,458 [INFO]   最优 Epoch: 2
2026-02-24 16:47:28,458 [INFO]   耗时: 29.1 分钟
2026-02-24 16:47:28,477 [INFO] 结果已保存到: /root/MEME/result/ablation/ablation_v4_results.json
2026-02-24 16:47:28,477 [INFO] 
进度: [6/10]
2026-02-24 16:47:28,477 [INFO] 
======================================================================
2026-02-24 16:47:28,477 [INFO] 实验: augmentation
2026-02-24 16:47:28,477 [INFO] 描述: 图像增强 (RandomCrop + ColorJitter + Flip + Rotation)
2026-02-24 16:47:28,477 [INFO] 覆盖参数: {"use_augmentation": true, "num_epochs": 20, "patience": 5}
2026-02-24 16:47:28,477 [INFO] ======================================================================
2026-02-24 16:47:28,478 [INFO] 关键配置:
2026-02-24 16:47:28,478 [INFO]   num_epochs=20
2026-02-24 16:47:28,478 [INFO]   patience=5
2026-02-24 16:47:28,478 [INFO]   pad_size=128
2026-02-24 16:47:28,478 [INFO]   rdrop_alpha=0
2026-02-24 16:47:28,478 [INFO]   rdrop_use_sigmoid=False
2026-02-24 16:47:28,478 [INFO]   label_smoothing=0
2026-02-24 16:47:28,478 [INFO]   use_augmentation=True
2026-02-24 16:47:28,478 [INFO]   use_scheduler=False
2026-02-24 16:47:28,478 [INFO]   classifier_dropout=0
2026-02-24 16:47:28,478 [INFO]   use_grad_clip=False
2026-02-24 16:47:28,478 [INFO]   weight_decay=0.01
2026-02-24 16:47:28,721 [INFO] 训练集: 9600 样本, 测试集: 2400 样本
2026-02-24 17:32:13,583 [INFO] 
实验 [augmentation] 完成!
2026-02-24 17:32:13,583 [INFO]   最优 F1: 80.38%
2026-02-24 17:32:13,583 [INFO]   最优 Epoch: 7
2026-02-24 17:32:13,583 [INFO]   耗时: 44.7 分钟
2026-02-24 17:32:13,602 [INFO] 结果已保存到: /root/MEME/result/ablation/ablation_v4_results.json
2026-02-24 17:32:13,602 [INFO] 
进度: [7/10]
2026-02-24 17:32:13,602 [INFO] 
======================================================================
2026-02-24 17:32:13,602 [INFO] 实验: cosine_warmup
2026-02-24 17:32:13,602 [INFO] 描述: Cosine Warmup LR 调度器 (warmup 10%)
2026-02-24 17:32:13,602 [INFO] 覆盖参数: {"use_scheduler": true, "warmup_ratio": 0.1, "num_epochs": 20, "patience": 5}
2026-02-24 17:32:13,602 [INFO] ======================================================================
2026-02-24 17:32:13,602 [INFO] 关键配置:
2026-02-24 17:32:13,602 [INFO]   num_epochs=20
2026-02-24 17:32:13,602 [INFO]   patience=5
2026-02-24 17:32:13,602 [INFO]   pad_size=128
2026-02-24 17:32:13,602 [INFO]   rdrop_alpha=0
2026-02-24 17:32:13,602 [INFO]   rdrop_use_sigmoid=False
2026-02-24 17:32:13,602 [INFO]   label_smoothing=0
2026-02-24 17:32:13,602 [INFO]   use_augmentation=False
2026-02-24 17:32:13,602 [INFO]   use_scheduler=True
2026-02-24 17:32:13,602 [INFO]   classifier_dropout=0
2026-02-24 17:32:13,602 [INFO]   use_grad_clip=False
2026-02-24 17:32:13,602 [INFO]   weight_decay=0.01
2026-02-24 17:32:13,726 [INFO] 训练集: 9600 样本, 测试集: 2400 样本
2026-02-24 18:27:03,632 [INFO] 
实验 [cosine_warmup] 完成!
2026-02-24 18:27:03,633 [INFO]   最优 F1: 81.14%
2026-02-24 18:27:03,633 [INFO]   最优 Epoch: 9
2026-02-24 18:27:03,633 [INFO]   耗时: 54.8 分钟
2026-02-24 18:27:03,653 [INFO] 结果已保存到: /root/MEME/result/ablation/ablation_v4_results.json
2026-02-24 18:27:03,653 [INFO] 
进度: [8/10]
2026-02-24 18:27:03,653 [INFO] 
======================================================================
2026-02-24 18:27:03,653 [INFO] 实验: clf_dropout
2026-02-24 18:27:03,653 [INFO] 描述: 分类头 Dropout (p=0.1)
2026-02-24 18:27:03,653 [INFO] 覆盖参数: {"classifier_dropout": 0.1, "num_epochs": 20, "patience": 5}
2026-02-24 18:27:03,653 [INFO] ======================================================================
2026-02-24 18:27:03,653 [INFO] 关键配置:
2026-02-24 18:27:03,653 [INFO]   num_epochs=20
2026-02-24 18:27:03,653 [INFO]   patience=5
2026-02-24 18:27:03,653 [INFO]   pad_size=128
2026-02-24 18:27:03,653 [INFO]   rdrop_alpha=0
2026-02-24 18:27:03,653 [INFO]   rdrop_use_sigmoid=False
2026-02-24 18:27:03,653 [INFO]   label_smoothing=0
2026-02-24 18:27:03,653 [INFO]   use_augmentation=False
2026-02-24 18:27:03,653 [INFO]   use_scheduler=False
2026-02-24 18:27:03,653 [INFO]   classifier_dropout=0.1
2026-02-24 18:27:03,653 [INFO]   use_grad_clip=False
2026-02-24 18:27:03,653 [INFO]   weight_decay=0.01
2026-02-24 18:27:03,780 [INFO] 训练集: 9600 样本, 测试集: 2400 样本
2026-02-24 18:52:36,968 [INFO] 
实验 [clf_dropout] 完成!
2026-02-24 18:52:36,968 [INFO]   最优 F1: 81.18%
2026-02-24 18:52:36,968 [INFO]   最优 Epoch: 1
2026-02-24 18:52:36,968 [INFO]   耗时: 25.6 分钟
2026-02-24 18:52:36,984 [INFO] 结果已保存到: /root/MEME/result/ablation/ablation_v4_results.json
2026-02-24 18:52:36,984 [INFO] 
进度: [9/10]
2026-02-24 18:52:36,984 [INFO] 
======================================================================
2026-02-24 18:52:36,984 [INFO] 实验: grad_clip_rdrop
2026-02-24 18:52:36,984 [INFO] 描述: 梯度裁剪 + R-Drop sigmoid (V3最优组合在V4上测试)
2026-02-24 18:52:36,984 [INFO] 覆盖参数: {"use_grad_clip": true, "rdrop_alpha": 0.5, "rdrop_use_sigmoid": true, "num_epochs": 20, "patience": 5}
2026-02-24 18:52:36,984 [INFO] ======================================================================
2026-02-24 18:52:36,984 [INFO] 关键配置:
2026-02-24 18:52:36,984 [INFO]   num_epochs=20
2026-02-24 18:52:36,984 [INFO]   patience=5
2026-02-24 18:52:36,984 [INFO]   pad_size=128
2026-02-24 18:52:36,984 [INFO]   rdrop_alpha=0.5
2026-02-24 18:52:36,984 [INFO]   rdrop_use_sigmoid=True
2026-02-24 18:52:36,984 [INFO]   label_smoothing=0
2026-02-24 18:52:36,984 [INFO]   use_augmentation=False
2026-02-24 18:52:36,984 [INFO]   use_scheduler=False
2026-02-24 18:52:36,984 [INFO]   classifier_dropout=0
2026-02-24 18:52:36,984 [INFO]   use_grad_clip=True
2026-02-24 18:52:36,984 [INFO]   weight_decay=0.01
2026-02-24 18:52:37,219 [INFO] 训练集: 9600 样本, 测试集: 2400 样本
2026-02-24 19:27:31,397 [INFO] 
实验 [grad_clip_rdrop] 完成!
2026-02-24 19:27:31,398 [INFO]   最优 F1: 81.44%
2026-02-24 19:27:31,398 [INFO]   最优 Epoch: 1
2026-02-24 19:27:31,398 [INFO]   耗时: 34.9 分钟
2026-02-24 19:27:31,539 [INFO] 结果已保存到: /root/MEME/result/ablation/ablation_v4_results.json
2026-02-24 19:27:31,539 [INFO] 
进度: [10/10]
2026-02-24 19:27:31,539 [INFO] 
======================================================================
2026-02-24 19:27:31,539 [INFO] 实验: best_v3_combo
2026-02-24 19:27:31,540 [INFO] 描述: V3 最优配置: all_fixed (全部正则化 + sigmoid 修复)
2026-02-24 19:27:31,540 [INFO] 覆盖参数: {"rdrop_alpha": 0.5, "rdrop_use_sigmoid": true, "label_smoothing": 0.1, "use_augmentation": true, "use_scheduler": true, "warmup_ratio": 0.1, "classifier_dropout": 0.1, "use_grad_clip": true, "num_epochs": 20, "patience": 5}
2026-02-24 19:27:31,540 [INFO] ======================================================================
2026-02-24 19:27:31,540 [INFO] 关键配置:
2026-02-24 19:27:31,540 [INFO]   num_epochs=20
2026-02-24 19:27:31,540 [INFO]   patience=5
2026-02-24 19:27:31,540 [INFO]   pad_size=128
2026-02-24 19:27:31,540 [INFO]   rdrop_alpha=0.5
2026-02-24 19:27:31,540 [INFO]   rdrop_use_sigmoid=True
2026-02-24 19:27:31,540 [INFO]   label_smoothing=0.1
2026-02-24 19:27:31,540 [INFO]   use_augmentation=True
2026-02-24 19:27:31,540 [INFO]   use_scheduler=True
2026-02-24 19:27:31,540 [INFO]   classifier_dropout=0.1
2026-02-24 19:27:31,540 [INFO]   use_grad_clip=True
2026-02-24 19:27:31,540 [INFO]   weight_decay=0.01
2026-02-24 19:27:31,668 [INFO] 训练集: 9600 样本, 测试集: 2400 样本
2026-02-24 20:35:09,789 [INFO] 
实验 [best_v3_combo] 完成!
2026-02-24 20:35:09,790 [INFO]   最优 F1: 81.41%
2026-02-24 20:35:09,790 [INFO]   最优 Epoch: 8
2026-02-24 20:35:09,790 [INFO]   耗时: 67.6 分钟
2026-02-24 20:35:09,812 [INFO] 结果已保存到: /root/MEME/result/ablation/ablation_v4_results.json
2026-02-24 20:35:09,812 [INFO] 

======================================================================
2026-02-24 20:35:09,812 [INFO] 消融实验汇总 (V4 数据)
2026-02-24 20:35:09,812 [INFO] ======================================================================
2026-02-24 20:35:09,812 [INFO] 实验                    |     最优F1 |  Epoch |    耗时(min) | 描述
2026-02-24 20:35:09,812 [INFO] ---------------------+----------+--------+------------+------------------------------
2026-02-24 20:35:09,812 [INFO] grad_clip_rdrop      |   81.44% |      1 |       34.9 | 梯度裁剪 + R-Drop sigmoid (V3最优组合在V4上测试)
2026-02-24 20:35:09,812 [INFO] best_v3_combo        |   81.41% |      8 |       67.6 | V3 最优配置: all_fixed (全部正则化 + sigmoid 修复)
2026-02-24 20:35:09,812 [INFO] clf_dropout          |   81.18% |      1 |       25.6 | 分类头 Dropout (p=0.1)
2026-02-24 20:35:09,812 [INFO] label_smoothing      |   81.16% |      2 |       29.1 | Label Smoothing (ε=0.1)
2026-02-24 20:35:09,812 [INFO] cosine_warmup        |   81.14% |      9 |       54.8 | Cosine Warmup LR 调度器 (warmup 10%)
2026-02-24 20:35:09,812 [INFO] rdrop_softmax        |   80.56% |      5 |       55.8 | R-Drop (α=0.5, softmax KL, 原版)
2026-02-24 20:35:09,812 [INFO] grad_clip            |   80.44% |      6 |       37.0 | 梯度裁剪 (max_norm=1.0)
2026-02-24 20:35:09,812 [INFO] rdrop_sigmoid        |   80.40% |      7 |       65.6 | R-Drop (α=0.5, sigmoid KL, 修复版)
2026-02-24 20:35:09,812 [INFO] baseline             |   80.40% |      3 |       37.0 | V4 数据无正则化基准 (应复现 ~80.67%)
2026-02-24 20:35:09,812 [INFO] augmentation         |   80.38% |      7 |       44.7 | 图像增强 (RandomCrop + ColorJitter + Flip + Rotation)
2026-02-24 20:35:09,812 [INFO] 
与 baseline (80.40%) 的差异:
2026-02-24 20:35:09,812 [INFO]   grad_clip_rdrop     : +1.04% ↑
2026-02-24 20:35:09,812 [INFO]   best_v3_combo       : +1.01% ↑
2026-02-24 20:35:09,812 [INFO]   clf_dropout         : +0.78% ↑
2026-02-24 20:35:09,812 [INFO]   label_smoothing     : +0.77% ↑
2026-02-24 20:35:09,812 [INFO]   cosine_warmup       : +0.74% ↑
2026-02-24 20:35:09,812 [INFO]   rdrop_softmax       : +0.16% ↑
2026-02-24 20:35:09,812 [INFO]   grad_clip           : +0.04% ↑
2026-02-24 20:35:09,812 [INFO]   rdrop_sigmoid       : +0.01% ↑
2026-02-24 20:35:09,812 [INFO]   augmentation        : -0.02% ↓
2026-02-24 20:35:09,812 [INFO] 
全部完成! 结果保存至: /root/MEME/result/ablation/ablation_v4_results.json
